Bienvenue dans l'Emulateur MIPS !
La commande s'est exécutée correctement
La commande s'est exécutée correctement
La commande s'est exécutée correctement
La commande s'est exécutée correctement
La commande s'est exécutée correctement
Fermeture du programme : Au revoir !
