La commande s'est exécutée correctement
La commande s'est exécutée correctement
La commande s'est exécutée correctement
La commande s'est exécutée correctement
La commande s'est exécutée correctement
La commande load prend en parametre un fichier elf
