Bienvenue dans l'Emulateur MIPS !
Charger un fichier elf
La commande s'est exécutée correctement
Charger un fichier elf
La commande s'est exécutée correctement
Charger un fichier elf
La commande s'est exécutée correctement
Charger un fichier elf
La commande s'est exécutée correctement
Charger un fichier elf
La commande s'est exécutée correctement
Charger un fichier elf
Symbol table has 9 syms:
Symbol            .text (0    bytes @ 0x00003000): section
Symbol            .data (0    bytes @ 0x00004000): section
Symbol             .bss (0    bytes @ 0x00005000): section
Symbol         .reginfo (0    bytes @ 0xff7ff000): section
Symbol             .pdr (0    bytes @ 0xfffff000): section
Symbol           _start (0    bytes @ 0x00000000): object
Symbol        procedure (0    bytes @ 0x00000024): no type
Symbol               OK (0    bytes @ 0x0000002c): no type
Symbol               KO (0    bytes @ 0x00000030): no type
La commande s'est exécutée correctement
Réinitialisation des registres, suppression des breakpoints
