La commande s'est exécutée correctement
La commande s'est exécutée correctement
La commande s'est exécutée correctement
La commande s'est exécutée correctement
La commande s'est exécutée correctement
La commande s'est exécutée correctement
