Bienvenue dans l'Emulateur MIPS !
Charger un fichier elf
La commande s'est exécutée correctement
Charger un fichier elf
La commande s'est exécutée correctement
Charger un fichier elf
La commande s'est exécutée correctement
Charger un fichier elf
La commande s'est exécutée correctement
Charger un fichier elf
La commande s'est exécutée correctement
Charger un fichier elf
CMD TEST RESULT 0x2
La commande s'est exécutée correctement
Charger un fichier elf
La commande s'est exécutée correctement
Charger un fichier elf
