Bienvenue dans l'Emulateur MIPS !
Charger un fichier elf
La commande s'est exécutée correctement
Charger un fichier elf
La commande s'est exécutée correctement
Charger un fichier elf
La commande s'est exécutée correctement
Charger un fichier elf
La commande s'est exécutée correctement
Charger un fichier elf
La commande s'est exécutée correctement
Charger un fichier elf
CMD TEST RESULT 0x2
CMD TEST RESULT 0x100
CMD TEST RESULT 0x5678
CMD TEST RESULT 0xa
La commande s'est exécutée correctement
Charger un fichier elf
La commande s'est exécutée correctement
Charger un fichier elf
