La commande s'est exécutée correctement
La commande s'est exécutée correctement
La commande s'est exécutée correctement
La commande s'est exécutée correctement
La commande s'est exécutée correctement
CMD TEST RESULT 0x2
CMD TEST RESULT 0x100
CMD TEST RESULT 0x5678
La commande s'est exécutée correctement
